// Jest Snapshot v1, https://goo.gl/fbAQLP

exports[`Storyshots PeriodRange render 1`] = `
<div
  className="date-range date-range- "
>
  <button
    className="pull-left btn-prev"
    onClick={[Function]}
    type="button"
  >
    <i
      className="icon-left"
    />
  </button>
  <button
    className="pull-right btn-next"
    onClick={[Function]}
    type="button"
  >
    <i
      className="icon-right"
    />
  </button>
  <div
    className="holder"
  >
    10
    
     — 
    17
     
    August
  </div>
</div>
`;

exports[`Storyshots PeriodRange render dynamic data 1`] = `
<div>
  <div
    style={
      Object {
        "position": "relative",
        "zIndex": 0,
      }
    }
  >
    <div
      className="date-range date-range- "
    >
      <button
        className="pull-left btn-prev"
        onClick={[Function]}
        type="button"
      >
        <i
          className="icon-left"
        />
      </button>
      <button
        className="pull-right btn-next"
        onClick={[Function]}
        type="button"
      >
        <i
          className="icon-right"
        />
      </button>
      <div
        className="holder"
      >
        17
        
         — 
        24
         
        August
      </div>
    </div>
  </div>
  <a
    onClick={[Function]}
    role="button"
    style={
      Object {
        "background": "#28c",
        "borderRadius": "0 0 0 5px",
        "color": "#fff",
        "cursor": "pointer",
        "display": "block",
        "fontFamily": "sans-serif",
        "fontSize": "12px",
        "padding": "5px 15px",
        "position": "fixed",
        "right": 0,
        "textDecoration": "none",
        "top": 0,
      }
    }
    tabIndex="0"
  >
    Show Info
  </a>
  <div
    style={
      Object {
        "background": "white",
        "bottom": 0,
        "display": "none",
        "left": 0,
        "overflow": "auto",
        "padding": "0 40px",
        "position": "fixed",
        "right": 0,
        "top": 0,
        "zIndex": 99999,
      }
    }
  >
    <a
      onClick={[Function]}
      role="button"
      style={
        Object {
          "background": "#28c",
          "borderRadius": "0 0 0 5px",
          "color": "#fff",
          "cursor": "pointer",
          "display": "block",
          "fontFamily": "sans-serif",
          "fontSize": "12px",
          "padding": "5px 15px",
          "position": "fixed",
          "right": 0,
          "textDecoration": "none",
          "top": 0,
        }
      }
      tabIndex="0"
    >
      ×
    </a>
    <div
      style={undefined}
    >
      <div
        style={
          Object {
            "WebkitFontSmoothing": "antialiased",
            "backgroundColor": "#fff",
            "border": "1px solid #eee",
            "borderRadius": "2px",
            "boxShadow": "0px 2px 3px rgba(0, 0, 0, 0.05)",
            "color": "#444",
            "fontFamily": "
              -apple-system, \\".SFNSText-Regular\\", \\"San Francisco\\", \\"Roboto\\",
              \\"Segoe UI\\", \\"Helvetica Neue\\", \\"Lucida Grande\\", sans-serif
            ",
            "fontSize": "15px",
            "fontWeight": 300,
            "lineHeight": 1.45,
            "marginTop": "50px",
            "padding": "20px 40px 40px",
          }
        }
      >
        <div
          style={
            Object {
              "borderBottom": "1px solid #eee",
              "marginBottom": 10,
              "paddingTop": 10,
            }
          }
        >
          <h1
            style={
              Object {
                "fontSize": "35px",
                "margin": 0,
                "padding": 0,
              }
            }
          >
            PeriodRange
          </h1>
          <h2
            style={
              Object {
                "fontSize": "22px",
                "fontWeight": 400,
                "margin": "0 0 10px 0",
                "padding": 0,
              }
            }
          >
            render dynamic data
          </h2>
        </div>
        <div
          style={
            Object {
              "marginBottom": 0,
            }
          }
        >
          <p
            style={
              Object {
                "WebkitFontSmoothing": "antialiased",
                "color": "#444",
                "fontFamily": "
                  -apple-system, \\".SFNSText-Regular\\", \\"San Francisco\\", \\"Roboto\\",
                  \\"Segoe UI\\", \\"Helvetica Neue\\", \\"Lucida Grande\\", sans-serif
                ",
                "fontSize": "15px",
              }
            }
          >
            doc string about my component
          </p>
        </div>
        <div>
          <h1
            style={
              Object {
                "borderBottom": "1px solid #EEE",
                "fontSize": "25px",
                "margin": "20px 0 0 0",
                "padding": "0 0 5px 0",
              }
            }
          >
            Story Source
          </h1>
          <pre
            style={
              Object {
                "backgroundColor": "#fafafa",
                "fontFamily": "Menlo, Monaco, \\"Courier New\\", monospace",
                "fontSize": ".88em",
                "lineHeight": 1.5,
                "overflowX": "scroll",
                "padding": ".5rem",
              }
            }
          >
            <div
              style={
                Object {
                  "paddingLeft": 18,
                  "paddingRight": 3,
                }
              }
            >
              <span
                style={
                  Object {
                    "color": "#777",
                  }
                }
              >
                &lt;
                PeriodRange
              </span>
              <span>
                <span>
                   
                  <span
                    style={Object {}}
                  >
                    period
                  </span>
                  <span>
                    =
                    <span
                      style={Object {}}
                    >
                      <span>
                        <span
                          style={
                            Object {
                              "color": "#666",
                            }
                          }
                        >
                          {
                          <span
                            style={
                              Object {
                                "color": "#666",
                              }
                            }
                          >
                            begin
                          </span>
                          : 
                          <span>
                            <span
                              style={
                                Object {
                                  "color": "#666",
                                }
                              }
                            >
                              {
                              }
                            </span>
                          </span>
                          , 
                          <span
                            style={
                              Object {
                                "color": "#666",
                              }
                            }
                          >
                            end
                          </span>
                          : 
                          <span>
                            <span
                              style={
                                Object {
                                  "color": "#666",
                                }
                              }
                            >
                              {
                              }
                            </span>
                          </span>
                          }
                        </span>
                      </span>
                    </span>
                  </span>
                </span>
                <span>
                   
                  <span
                    style={Object {}}
                  >
                    onPrevClick
                  </span>
                  <span>
                    =
                    <span
                      style={Object {}}
                    >
                      <span>
                        <span
                          style={
                            Object {
                              "color": "#170",
                            }
                          }
                        >
                          previous_click()
                        </span>
                      </span>
                    </span>
                  </span>
                </span>
                <span>
                   
                  <span
                    style={Object {}}
                  >
                    onNextClick
                  </span>
                  <span>
                    =
                    <span
                      style={Object {}}
                    >
                      <span>
                        <span
                          style={
                            Object {
                              "color": "#170",
                            }
                          }
                        >
                          next_click()
                        </span>
                      </span>
                    </span>
                  </span>
                   
                </span>
              </span>
              <span
                style={
                  Object {
                    "color": "#777",
                  }
                }
              >
                /&gt;
              </span>
            </div>
          </pre>
        </div>
        <div>
          <h1
            style={
              Object {
                "borderBottom": "1px solid #EEE",
                "fontSize": "25px",
                "margin": "20px 0 0 0",
                "padding": "0 0 5px 0",
              }
            }
          >
            Prop Types
          </h1>
          <div>
            <h2
              style={
                Object {
                  "margin": "20px 0 0 0",
                }
              }
            >
              "
              PeriodRange
              " Component
            </h2>
            <table
              style={
                Object {
                  "borderCollapse": "separate",
                  "borderSpacing": "10px 5px",
                  "marginLeft": -10,
                }
              }
            >
              <thead>
                <tr>
                  <th>
                    property
                  </th>
                  <th>
                    propType
                  </th>
                  <th>
                    required
                  </th>
                  <th>
                    default
                  </th>
                  <th>
                    description
                  </th>
                </tr>
              </thead>
              <tbody>
                <tr>
                  <td>
                    onNextClick
                  </td>
                  <td />
                  <td />
                  <td>
                    <span>
                      <span
                        style={
                          Object {
                            "color": "#170",
                          }
                        }
                      >
                        onNextClick()
                      </span>
                    </span>
                  </td>
                  <td />
                </tr>
                <tr>
                  <td>
                    onPrevClick
                  </td>
                  <td />
                  <td />
                  <td>
                    <span>
                      <span
                        style={
                          Object {
                            "color": "#170",
                          }
                        }
                      >
                        onPrevClick()
                      </span>
                    </span>
                  </td>
                  <td />
                </tr>
                <tr>
                  <td>
                    period
                  </td>
                  <td />
                  <td />
                  <td>
                    <span>
                      <span
                        style={
                          Object {
                            "color": "#666",
                          }
                        }
                      >
                        {
                        <span
                          style={
                            Object {
                              "color": "#666",
                            }
                          }
                        >
                          begin
                        </span>
                        : 
                        <span>
                          <span
                            style={
                              Object {
                                "color": "#666",
                              }
                            }
                          >
                            {
                            }
                          </span>
                        </span>
                        , 
                        <span
                          style={
                            Object {
                              "color": "#666",
                            }
                          }
                        >
                          end
                        </span>
                        : 
                        <span>
                          <span
                            style={
                              Object {
                                "color": "#666",
                              }
                            }
                          >
                            {
                            }
                          </span>
                        </span>
                        }
                      </span>
                    </span>
                  </td>
                  <td />
                </tr>
                <tr>
                  <td>
                    type
                  </td>
                  <td />
                  <td />
                  <td>
                    <span
                      style={
                        Object {
                          "color": "#22a",
                          "wordBreak": "break-word",
                        }
                      }
                    >
                      "
                      
                      "
                    </span>
                  </td>
                  <td />
                </tr>
              </tbody>
            </table>
          </div>
        </div>
      </div>
    </div>
  </div>
</div>
`;
